// Jest Snapshot v1, https://goo.gl/fbAQLP

exports[`icon is svg element 1`] = `
<svg
  className="lui-icon"
>
  <use
    xlinkHref="#alipay"
  />
</svg>
`;
