// Jest Snapshot v1, https://goo.gl/fbAQLP

exports[`button button组件测试 1`] = `
<button
  className="la-ui-button"
>
  测试
</button>
`;
