// Jest Snapshot v1, https://goo.gl/fbAQLP

exports[`button 是个div元素 1`] = `
<div>
  button
</div>
`;
